../Core/Src/main.c:80:10:mapToCRSF	24	static
../Core/Src/main.c:87:6:buildCRSFFrame	48	static
../Core/Src/main.c:119:5:__io_putchar	16	static
../Core/Src/main.c:125:6:printCRSF	24	static
../Core/Src/main.c:136:9:crsf_crc8	32	static
../Core/Src/main.c:152:6:sendCRSF	112	static
../Core/Src/main.c:191:6:decrypt	24	static
../Core/Src/main.c:242:5:main	48	static
../Core/Src/main.c:359:6:SystemClock_Config	72	static
../Core/Src/main.c:399:13:MX_SPI2_Init	8	static
../Core/Src/main.c:437:13:MX_USART1_UART_Init	8	static
../Core/Src/main.c:470:13:MX_GPIO_Init	40	static
../Core/Src/main.c:532:6:Error_Handler	4	static,ignoring_inline_asm
