12:42:13 **** Incremental Build of configuration Debug for project stm32bbc ****
make -j8 all 
arm-none-eabi-gcc "../Core/Src/main.c" -mcpu=cortex-m4 -std=gnu11 -g3 -DDEBUG -DUSE_HAL_DRIVER -DSTM32F401xE -c -I../Core/Inc -I../Drivers/STM32F4xx_HAL_Driver/Inc -I../Drivers/STM32F4xx_HAL_Driver/Inc/Legacy -I../Drivers/CMSIS/Device/ST/STM32F4xx/Include -I../Drivers/CMSIS/Include -O0 -ffunction-sections -fdata-sections -Wall -fstack-usage -fcyclomatic-complexity -MMD -MP -MF"Core/Src/main.d" -MT"Core/Src/main.o" --specs=nano.specs -mfpu=fpv4-sp-d16 -mfloat-abi=hard -mthumb -o "Core/Src/main.o"
arm-none-eabi-gcc -o "stm32bbc.elf" @"objects.list"   -mcpu=cortex-m4 -T"D:\Vaagesh\Embedded Systems\STM32CubeIDE_2.0.0\WorkSpace\stm32bbc\STM32F401CEUX_FLASH.ld" --specs=nosys.specs -Wl,-Map="stm32bbc.map" -Wl,--gc-sections -static --specs=nano.specs -mfpu=fpv4-sp-d16 -mfloat-abi=hard -mthumb -Wl,--start-group -lc -lm -Wl,--end-group
Finished building target: stm32bbc.elf
 
arm-none-eabi-size  stm32bbc.elf 
arm-none-eabi-objdump -h -S stm32bbc.elf  > "stm32bbc.list"
   text	   data	    bss	    dec	    hex	filename
  21180	     12	   2828	  24020	   5dd4	stm32bbc.elf
Finished building: default.size.stdout
 
Finished building: stm32bbc.list
 

12:42:15 Build Finished. 0 errors, 0 warnings. (took 1s.23ms)

