../Core/Src/main.c:46:10:Read_ADC	32	static
../Core/Src/main.c:100:6:encrypt	24	static
../Core/Src/main.c:148:6:printEncryptedPacket	40	static
../Core/Src/main.c:165:9:readModeSwitch	16	static
../Core/Src/main.c:173:9:buildCMDByte	16	static
../Core/Src/main.c:189:5:main	56	static
../Core/Src/main.c:254:6:SystemClock_Config	88	static
../Core/Src/main.c:303:13:MX_ADC1_Init	24	static
../Core/Src/main.c:350:13:MX_SPI2_Init	8	static
../Core/Src/main.c:388:13:MX_USART1_UART_Init	8	static
../Core/Src/main.c:415:5:_write	24	static
../Core/Src/main.c:425:13:MX_GPIO_Init	40	static
../Core/Src/main.c:487:6:Error_Handler	4	static,ignoring_inline_asm
