15:48:19 **** Incremental Build of configuration Debug for project lora tx ****
make -j8 all 
arm-none-eabi-gcc "../Core/Src/main.c" -mcpu=cortex-m3 -std=gnu11 -g3 -DDEBUG -DUSE_HAL_DRIVER -DSTM32F103xB -c -I../Core/Inc -I../Drivers/STM32F1xx_HAL_Driver/Inc -I../Drivers/STM32F1xx_HAL_Driver/Inc/Legacy -I../Drivers/CMSIS/Device/ST/STM32F1xx/Include -I../Drivers/CMSIS/Include -O0 -ffunction-sections -fdata-sections -Wall -fstack-usage -fcyclomatic-complexity -MMD -MP -MF"Core/Src/main.d" -MT"Core/Src/main.o" --specs=nano.specs -mfloat-abi=soft -mthumb -o "Core/Src/main.o"
arm-none-eabi-gcc -o "lora tx.elf" @"objects.list"   -mcpu=cortex-m3 -T"D:\Vaagesh\Embedded Systems\STM32CubeIDE_2.0.0\WorkSpace\STM RC\lora tx\STM32F103C8TX_FLASH.ld" --specs=nosys.specs -Wl,-Map="lora tx.map" -Wl,--gc-sections -static --specs=nano.specs -mfloat-abi=soft -mthumb -Wl,--start-group -lc -lm -Wl,--end-group
Finished building target: lora tx.elf
 
arm-none-eabi-size  lora\ tx.elf 
arm-none-eabi-objdump -h -S lora\ tx.elf  > "lora tx.list"
   text	   data	    bss	    dec	    hex	filename
  21020	    104	   2192	  23316	   5b14	lora tx.elf
Finished building: default.size.stdout
 
Finished building: lora tx.list
 

15:48:20 Build Finished. 0 errors, 0 warnings. (took 754ms)

