../Core/Src/main.c:46:10:Read_ADC	32	static
../Core/Src/main.c:98:6:encrypt	24	static
../Core/Src/main.c:146:6:printEncryptedPacket	40	static
../Core/Src/main.c:163:9:readModeSwitch	16	static
../Core/Src/main.c:171:9:buildCMDByte	16	static
../Core/Src/main.c:187:5:main	48	static
../Core/Src/main.c:249:6:SystemClock_Config	88	static
../Core/Src/main.c:298:13:MX_ADC1_Init	24	static
../Core/Src/main.c:345:13:MX_SPI2_Init	8	static
../Core/Src/main.c:383:13:MX_USART1_UART_Init	8	static
../Core/Src/main.c:410:5:_write	24	static
../Core/Src/main.c:420:13:MX_GPIO_Init	40	static
../Core/Src/main.c:482:6:Error_Handler	4	static,ignoring_inline_asm
